37 passed — all Railway deployment bug fix tests green

tests/test_port_env_var.py: 8 passed
tests/test_telegram_polling_conflict.py: 14 passed
tests/test_tirith_optional_install.py: 15 passed
